top keys True {'schema_version': True, 'sources': True}
base 1850 1850 head 1646 1646
removed 212 added 8 common 1638
1540 /locator/published_page
1540 /locator/pdf_page_index
811 /uncertainty/verbatim
811 /uncertainty/kind
588 /admission/decided_by/evidence/published_page
588 /admission/decided_by/evidence/pdf_page_index
---- per-observation change signatures
618 ('/locator/pdf_page_index', '/locator/published_page', '/uncertainty/kind', '/uncertainty/verbatim')
395 ('/admission/decided_by/evidence/pdf_page_index', '/admission/decided_by/evidence/published_page', '/locator/pdf_page_index', '/locator/published_page')
334 ('/locator/pdf_page_index', '/locator/published_page')
193 ('/admission/decided_by/evidence/pdf_page_index', '/admission/decided_by/evidence/published_page', '/locator/pdf_page_index', '/locator/published_page', '/uncertainty/kind', '/uncertainty/verbatim')
98 ()
REM S (Al7Mg)(Si14Al2)O40(OH)8 {"kind": "point", "point": "0.6", "approximate": false} 12
REM S (P2O5)2 {"kind": "point", "point": "0.8", "approximate": false} 12
REM S Ag2S {"kind": "point", "point": "0.42", "approximate": false} 12
REM S AgI {"kind": "point", "point": "1.67", "approximate": false} 12
REM S Al2(SO4)3 {"kind": "point", "point": "1.2", "approximate": false} 12
REM S Al2Si2O5(OH)4 {"kind": "point", "point": "1.3", "approximate": false} 12
REM S Al2Si2O5(OH)4 {"kind": "point", "point": "1.25", "approximate": false} 12
REM S Al2Si4O10(OH)2 {"kind": "point", "point": "0.4", "approximate": false} 12
REM S Al2TiO5 {"kind": "point", "point": "0.84", "approximate": false} 12
REM S AlF3 {"kind": "point", "point": "0.42", "approximate": false} 12
REM S AlPO4 {"kind": "point", "point": "0.21", "approximate": false} 12
REM S As2S3 {"kind": "point", "point": "0.4", "approximate": false} 12
REM S Ba(NO3)2 {"kind": "point", "point": "0.84", "approximate": false} 12
REM S BaCO3 {"kind": "point", "point": "2.09", "approximate": false} 12
REM S BaSO4 {"kind": "point", "point": "0.84", "approximate": false} 12
REM S BeAl2O4 {"kind": "point", "point": "0.13", "approximate": false} 12
REM S Bi2S3 {"kind": "point", "point": "3.3", "approximate": false} 12
REM S Ca(NO3)2 {"kind": "point", "point": "0.4", "approximate": false} 12
REM S Ca3(PO4)2 {"kind": "point", "point": "0.84", "approximate": false} 12
REM S Ca3(PO4)3OH {"kind": "point", "point": "1.67", "approximate": false} 12
REM S CaCO3 {"kind": "point", "point": "0.2", "approximate": false} 12
REM S CaF2 {"kind": "point", "point": "0.34", "approximate": false} 12
REM S CaHg3(CO3)4 {"kind": "point", "point": "0.88", "approximate": false} 12
REM S CaMg(CO3)2 {"kind": "point", "point": "0.29", "approximate": false} 12
REM S CaSO4 {"kind": "point", "point": "1.67", "approximate": false} 12
REM S CaSO4.2H2O {"kind": "point", "point": "1.25", "approximate": false} 12
REM S CdCO3 {"kind": "point", "point": "2.51", "approximate": false} 12
REM S Cu2S {"kind": "point", "point": "2.09", "approximate": false} 12
REM S CuSO4 {"kind": "point", "point": "0.6", "approximate": false} 12
REM S F2 {"kind": "point", "point": "0.04", "approximate": false} 12
REM S FeCO3 {"kind": "point", "point": "2.5", "approximate": false} 12
REM S FeS2 {"kind": "point", "point": "0.11", "approximate": false} 12
REM S FeS2 {"kind": "point", "point": "0.13", "approximate": false} 12
REM S FeSe2 {"kind": "point", "point": "0.25", "approximate": false} 12
REM S FeTe2 {"kind": "point", "point": "0.2", "approximate": false} 12
REM S H2 {"kind": "point", "point": "0.04", "approximate": false} 12
REM S H2S {"kind": "point", "point": "0.21", "approximate": false} 12
REM S H3PO4 {"kind": "point", "point": "0.42", "approximate": false} 12
REM S H3PO4 {"kind": "point", "point": "4.2", "approximate": false} 12
REM S Hg2(OH)2CO3.3H2O {"kind": "point", "point": "0.67", "approximate": false} 12
REM S HgCO3 {"kind": "point", "point": "0.14", "approximate": false} 12
REM S HgCO3.3H2O {"kind": "point", "point": "0.59", "approximate": false} 12
REM S HgI2 {"kind": "point", "point": "6.28", "approximate": false} 12
REM S HoO2 {"kind": "point", "point": "0.3", "approximate": false} 12
REM S HoO3 {"kind": "point", "point": "0.42", "approximate": false} 12
REM S HoS2 {"kind": "point", "point": "0.21", "approximate": false} 12
REM S KAl2[AlSi3O10](OH)2 {"kind": "point", "point": "1", "approximate": false} 12
REM S KAlSi2O6 {"kind": "point", "point": "1.7", "approximate": false} 12
REM S KNO3 {"kind": "point", "point": "0.67", "approximate": false} 12
REM S La2O3 {"kind": "point", "point": "0.84", "approximate": false} 12
REM S Li2O {"kind": "point", "point": "0.08", "approximate": false} 12
REM S Lu2O3 {"kind": "point", "point": "0.85", "approximate": false} 12
REM S Mg(NO3)2 {"kind": "point", "point": "1.6", "approximate": false} 12
REM S Mg(OH)2 {"kind": "point", "point": "0.13", "approximate": false} 12
REM S Mg3Si2O5(OH)4 {"kind": "point", "point": "0.8", "approximate": false} 12
REM S Mg3Si4O10(OH)2 {"kind": "point", "point": "0.63", "approximate": false} 12
REM S MgCl2 {"kind": "point", "point": "0.84", "approximate": false} 12
REM S MgF2 {"kind": "point", "point": "0.42", "approximate": false} 12
REM S Mn2O3 {"kind": "point", "point": "2.09", "approximate": false} 12
REM S Mn3O4 {"kind": "point", "point": "4.18", "approximate": false} 12
REM S MnCl2 {"kind": "point", "point": "0.21", "approximate": false} 12
REM S MnCO3 {"kind": "point", "point": "2.1", "approximate": false} 12
REM S MnO2 {"kind": "point", "point": "0.42", "approximate": false} 12
REM S Na2O {"kind": "point", "point": "0.84", "approximate": false} 12
REM S Na3AlF6 {"kind": "point", "point": "1.67", "approximate": false} 12
REM S NaAlCO3(OH)2 {"kind": "point", "point": "0.5", "approximate": false} 12
REM S NaAlSi2O6 {"kind": "point", "point": "1.7", "approximate": false} 12
REM S NaAlSi2O6.H2O {"kind": "point", "point": "2.51", "approximate": false} 12
REM S NaAlSi3O8 {"kind": "point", "point": "1.5", "approximate": false} 12
REM S NaAlSi3O8 {"kind": "point", "point": "0.4", "approximate": false} 12
REM S NaAlSiO4 {"kind": "point", "point": "1.25", "approximate": false} 12
REM S NaCl {"kind": "point", "point": "0.21", "approximate": false} 12
REM S NaF {"kind": "point", "point": "0.08", "approximate": false} 12
REM S NaNO3 {"kind": "point", "point": "0.68", "approximate": false} 12
REM S Nb2O5 {"kind": "point", "point": "1.26", "approximate": false} 12
REM S NbO2 {"kind": "point", "point": "0.3", "approximate": false} 12
REM S Nd2O3 {"kind": "point", "point": "4.2", "approximate": false} 12
REM S NH4Cl {"kind": "point", "point": "0.4", "approximate": false} 12
REM S NH4NO3 {"kind": "point", "point": "0.21", "approximate": false} 12
REM S Ni3S2 {"kind": "point", "point": "0.9", "approximate": false} 12
REM S NiCl2 {"kind": "point", "point": "0.21", "approximate": false} 12
REM S NO2 {"kind": "point", "point": "0.08", "approximate": false} 12
REM S P2O5 {"kind": "point", "point": "0.4", "approximate": false} 12
REM S Pb3O4 {"kind": "point", "point": "6.69", "approximate": false} 12
REM S PbCl2 {"kind": "point", "point": "2.09", "approximate": false} 12
REM S PbCO3 {"kind": "point", "point": "3.35", "approximate": false} 12
REM S PbO2 {"kind": "point", "point": "0.42", "approximate": false} 12
REM S Pr2O3 {"kind": "point", "point": "4.2", "approximate": false} 12
REM S Re2O7 {"kind": "point", "point": "0.4", "approximate": false} 12
REM S ReO2 {"kind": "point", "point": "0.05", "approximate": false} 12
REM S ReO3 {"kind": "point", "point": "0.09", "approximate": false} 12
REM S S2 {"kind": "point", "point": "0.05", "approximate": false} 12
REM S S6 {"kind": "point", "point": "1.67", "approximate": false} 12
REM S Sb2O3 {"kind": "point", "point": "2.51", "approximate": false} 12
REM S Sb2S3 {"kind": "point", "point": "3.3", "approximate": false} 12
REM S Sc2O3 {"kind": "point", "point": "0.42", "approximate": false} 12
REM S SiO2 {"kind": "point", "point": "0.42", "approximate": false} 12
REM S SiO2 {"kind": "point", "point": "0.21", "approximate": false} 12
REM S SiO2 {"kind": "point", "point": "0.2", "approximate": false} 12
REM S SiO2 {"kind": "point", "point": "0.13", "approximate": false} 12
REM S Sm2O3 {"kind": "point", "point": "4.2", "approximate": false} 12
REM S SnO2 {"kind": "point", "point": "1.25", "approximate": false} 12
REM S SnS2 {"kind": "point", "point": "0.18", "approximate": false} 12
REM S SO2 {"kind": "point", "point": "0.06", "approximate": false} 12
REM S SO3 {"kind": "point", "point": "0.84", "approximate": false} 12
REM S Sr(NO3)2 {"kind": "point", "point": "0.5", "approximate": false} 12
REM S SrCO3 {"kind": "point", "point": "1.67", "approximate": false} 12
REM S SrHgO.4CO2.5H2O {"kind": "point", "point": "1.55", "approximate": false} 12
REM S Ta2O5 {"kind": "point", "point": "1.26", "approximate": false} 12
REM S Tb2O3 {"kind": "point", "point": "4.2", "approximate": false} 12
REM S TeO2 {"kind": "point", "point": "4.2", "approximate": false} 12
REM S ThO2 {"kind": "point", "point": "0.21", "approximate": false} 12
REM S Ti2O3 {"kind": "point", "point": "0.21", "approximate": false} 12
REM S Ti3O5 {"kind": "point", "point": "1.67", "approximate": false} 12
REM S Ti4O7 {"kind": "point", "point": "12", "approximate": false} 12
REM S TiCl3 {"kind": "point", "point": "1.26", "approximate": false} 12
REM S TiO2 {"kind": "point", "point": "0.17", "approximate": false} 12
REM S TiO2 {"kind": "point", "point": "0.29", "approximate": false} 12
REM S Tm2O3 {"kind": "point", "point": "0.85", "approximate": false} 12
REM S UCl3 {"kind": "point", "point": "0.4", "approximate": false} 12
REM S UCl4 {"kind": "point", "point": "0.5", "approximate": false} 12
REM S UF4 {"kind": "point", "point": "0.17", "approximate": false} 12
REM S UO2 {"kind": "point", "point": "0.24", "approximate": false} 12
REM S UO3 {"kind": "point", "point": "0.25", "approximate": false} 12
REM S V2O3 {"kind": "point", "point": "1.25", "approximate": false} 12
REM S V2O4 {"kind": "point", "point": "2.09", "approximate": false} 12
REM S V2O5 {"kind": "point", "point": "2.09", "approximate": false} 12
REM S VCl2 {"kind": "point", "point": "1.26", "approximate": false} 12
REM S VCl3 {"kind": "point", "point": "1.7", "approximate": false} 12
REM S WO2 {"kind": "point", "point": "0.29", "approximate": false} 12
REM S WO3 {"kind": "point", "point": "1.26", "approximate": false} 12
REM S WS2 {"kind": "point", "point": "8.37", "approximate": false} 12
REM S Y2O3 {"kind": "point", "point": "4.2", "approximate": false} 12
REM S Yb2O3 {"kind": "point", "point": "0.85", "approximate": false} 12
REM S ZnCO3 {"kind": "point", "point": "1.25", "approximate": false} 12
REM S ZrO2 {"kind": "point", "point": "0.34", "approximate": false} 12
REM S AgBr {"kind": "point", "point": "0.42", "approximate": false} 12
REM S AgCl {"kind": "point", "point": "0.2", "approximate": false} 12
REM S AsS {"kind": "point", "point": "0.63", "approximate": false} 12
REM S CaCl2 {"kind": "point", "point": "1.25", "approximate": false} 12
REM S CaS {"kind": "point", "point": "1.25", "approximate": false} 12
REM S Co {"kind": "point", "point": "0.42", "approximate": false} 12
REM S Cr {"kind": "point", "point": "0.21", "approximate": false} 12
REM S Cs {"kind": "point", "point": "0.4", "approximate": false} 12
REM S Cu {"kind": "point", "point": "0.08", "approximate": false} 12
REM S CuS {"kind": "point", "point": "1.67", "approximate": false} 12
REM S Dy {"kind": "point", "point": "0.84", "approximate": false} 12
REM S Er {"kind": "point", "point": "0.15", "approximate": false} 12
REM S Eu {"kind": "point", "point": "0.16", "approximate": false} 12
REM S Fe {"kind": "point", "point": "0.13", "approximate": false} 12
REM S FeCl2 {"kind": "point", "point": "0.42", "approximate": false} 12
REM S FeCl3 {"kind": "point", "point": "0.42", "approximate": false} 12
REM S FeS {"kind": "point", "point": "0.17", "approximate": false} 12
REM S Ga {"kind": "point", "point": "0.21", "approximate": false} 12
REM S Gd {"kind": "point", "point": "1.25", "approximate": false} 12
REM S Ge {"kind": "point", "point": "0.21", "approximate": false} 12
REM S He {"kind": "point", "point": "0.01", "approximate": false} 12
REM S Hf {"kind": "point", "point": "0.21", "approximate": false} 12
REM S Hg {"kind": "point", "point": "0.08", "approximate": false} 12
REM S HgCl {"kind": "point", "point": "1.25", "approximate": false} 12
REM S HgS {"kind": "point", "point": "4.18", "approximate": false} 12
REM S HgS {"kind": "point", "point": "2.09", "approximate": false} 12
REM S KBr {"kind": "point", "point": "0.2", "approximate": false} 12
REM S KCl {"kind": "point", "point": "0.2", "approximate": false} 12
REM S LiOH {"kind": "point", "point": "0.21", "approximate": false} 12
REM S MgO {"kind": "point", "point": "0.17", "approximate": false} 12
REM S MnO {"kind": "point", "point": "0.42", "approximate": false} 12
REM S NaOH {"kind": "point", "point": "0.84", "approximate": false} 12
REM S NbO {"kind": "point", "point": "8.4", "approximate": false} 12
REM S NiO {"kind": "point", "point": "0.17", "approximate": false} 12
REM S NiS {"kind": "point", "point": "4.18", "approximate": false} 12
REM S Pb {"kind": "point", "point": "0.42", "approximate": false} 12
REM S PbO {"kind": "point", "point": "0.21", "approximate": false} 12
REM S PbO {"kind": "point", "point": "0.84", "approximate": false} 12
REM S PbS {"kind": "point", "point": "1.25", "approximate": false} 12
REM S PbSe {"kind": "point", "point": "2.09", "approximate": false} 12
REM S PbTe {"kind": "point", "point": "2.09", "approximate": false} 12
REM S Pd {"kind": "point", "point": "0.21", "approximate": false} 12
REM S Pr {"kind": "point", "point": "4.18", "approximate": false} 12
REM S Pt {"kind": "point", "point": "0.21", "approximate": false} 12
REM S PtS {"kind": "point", "point": "0.13", "approximate": false} 12
REM S Pu {"kind": "point", "point": "8.37", "approximate": false} 12
REM S Rb {"kind": "point", "point": "0.3", "approximate": false} 12
REM S Re {"kind": "point", "point": "0.38", "approximate": false} 12
REM S Rh {"kind": "point", "point": "0.21", "approximate": false} 12
REM S Rn {"kind": "point", "point": "0", "approximate": false} 12
REM S Ru {"kind": "point", "point": "0.21", "approximate": false} 12
REM S S {"kind": "point", "point": "0.21", "approximate": false} 12
REM S Sb {"kind": "point", "point": "0.21", "approximate": false} 12
REM S Sc {"kind": "point", "point": "0.21", "approximate": false} 12
REM S Se {"kind": "point", "point": "0.05", "approximate": false} 12
REM S Si {"kind": "point", "point": "0.08", "approximate": false} 12
REM S SiO {"kind": "point", "point": "0.84", "approximate": false} 12
REM S Sm {"kind": "point", "point": "2.09", "approximate": false} 12
REM S Sn {"kind": "point", "point": "0.42", "approximate": false} 12
REM S SnS {"kind": "point", "point": "0.84", "approximate": false} 12
REM S Sr {"kind": "point", "point": "0.17", "approximate": false} 12
REM S SrBr2 {"kind": "point", "point": "0.2", "approximate": false} 12
REM S SrO {"kind": "point", "point": "0.42", "approximate": false} 12
REM S Ta {"kind": "point", "point": "0.17", "approximate": false} 12
REM S Tb {"kind": "point", "point": "0.84", "approximate": false} 12
REM S Te {"kind": "point", "point": "0.42", "approximate": false} 12
REM S TiBr3 {"kind": "point", "point": "3.35", "approximate": false} 12
REM S TiO {"kind": "point", "point": "2.1", "approximate": false} 12
REM S ZnO {"kind": "point", "point": "0.4", "approximate": false} 12
REM S ZnS {"kind": "point", "point": "0.12", "approximate": false} 12
REM S ZnS {"kind": "point", "point": "0.84", "approximate": false} 12
REM delta_fH Cu2(CO3)(OH)2 {"kind": "point", "point": "2.09", "approximate": false} 12
REM delta_fH Cu3(OH)2(CO3)2 {"kind": "point", "point": "2", "approximate": false} 12
REM delta_fH HgCO3.3H2O {"kind": "point", "point": "0.26", "approximate": false} 12
REM delta_fH Na76K22AlSiO4 {"kind": "point", "point": "2.04", "approximate": false} 12
REM log10_Kf HgCO3.3H2O {"kind": "point", "point": "0.088", "approximate": false} 12
