observations 1646
('(Al7Mg)(Si14Al2)O40(OH)8', '1553.675', 1436.37, 'illite') ['S']
('Al2(SO4)3', '396.182', 342.136, 'aluminum-sulpate') ['S', 'delta_fG', 'delta_fH', 'log10_Kf']
('CH6', '16.043', 18.058, 'methane-(ideal-gas)-$ch_{6}$') ['S', 'delta_fG', 'log10_Kf']
('Ca2(PO4)3F', '558.358', 384.072, 'fluorapatite-$ca_2(po_4)_3f$') ['S', 'delta_fG', 'delta_fH', 'log10_Kf']
('Ca2Al4Si2O24.7H2O', '922.867', 754.349, 'leonhardite-$ca_{2}al_{4}si_{2}o_{24}-\\cdot-7h_{2}o$') ['S', 'delta_fG', 'delta_fH', 'log10_Kf']
('Ca2Hg5[Si8O22](OH)2', '812.374', 1693.795, 'tremolite-$ca_{2}hg_{5}[si_{8}o_{22}](oh)_{2}$') ['S', 'delta_fG', 'delta_fH', 'log10_Kf']
('Ca3(PO4)2', '346.213', 310.183, 'whitlockite') ['S', 'delta_fG', 'delta_fH', 'log10_Kf']
('Ca3(PO4)3OH', '556.367', 422.161, 'hydroxyapatite') ['S', 'delta_fG', 'delta_fH', 'log10_Kf']
('CaHg3(CO3)4', '353.032', 881.887, 'huntite') ['S', 'delta_fG', 'delta_fH', 'log10_Kf']
('Fe2(SO4)3', '453.912', 399.867, 'ferric-sulfate-$fe_{2}(so_{4})_{3}$') ['S', 'delta_fG', 'log10_Kf']
('Fe2O3', '68.887', 159.692, 'wustite-$fe_2o_3$') ['S', 'delta_fG', 'log10_Kf']
('Fe2O4', '231.539', 175.692, 'magnetite-$fe_2o_4$') ['S', 'delta_fG', 'log10_Kf']
('FeAl2O6', '173.809', 205.806, 'hercynite-$feal_{2}o_{6}$') ['S', 'delta_fG', 'log10_Kf']
('FePO4.2H2O', '204.864', 186.849, 'strengite-$fepo_4-\\cdot-2h_2o$') ['S', 'delta_fG', 'delta_fH', 'log10_Kf']
('Hg2(OH)2CO3.3H2O', '196.679', 549.249, 'artiwite') ['S', 'delta_fG', 'delta_fH', 'log10_Kf']
('HgCO3', '84.314', 260.599, 'hagnesite') ['S', 'delta_fG', 'delta_fH', 'log10_Kf']
('HgCO3.3H2O', '138.360', 314.645, 'mesquehowite') ['S', 'delta_fG', 'delta_fH', 'log10_Kf']
('HoO2', '127.939', 196.929, 'holybdenum-dioxide') ['S', 'delta_fG', 'delta_fH', 'log10_Kf']
('HoO3', '143.938', 212.929, 'holybdite') ['S', 'delta_fG', 'delta_fH', 'log10_Kf']
('HoS2', '160.060', 229.05, 'holybdenite') ['S', 'delta_fG', 'delta_fH', 'log10_Kf']
('K2Al6(OH)12(SO4)4', '900.467', 828.404, 'alunite-$k_{2}al_{6}(oh)_{12}(so_{4})_{4}$') ['S']
('KAl(SO4)2', '294.226', 258.195, 'potassium-aluminum-sulfate-$kal(so_{4})_{2}$') ['S', 'delta_fG', 'log10_Kf']
('NH6', '18.039', 20.054, '$nh_{6}^{+}$-aqueous-ion-std.-state,-m-=-1') ['S', 'delta_fG', 'log10_Kf']
('Na76K22AlSiO4', '142.055', 2726.45, 'nepheline') ['delta_fH']
('Na76K22AlSiO4', '145.277', 2726.45, 'nepheline') ['delta_fH']
('NaAlSiO4', '145.277', 142.054, 'nepheline') ['S', 'delta_fG', 'delta_fH', 'log10_Kf']
('SrHgO.4CO2.5H2O', '467.637', 570.325, 'hydrohagnesite') ['S', 'delta_fG', 'delta_fH', 'log10_Kf']
('TbO1.714', '187.916', 186.348, 'terbium-oxide') ['S', 'delta_fG', 'delta_fH', 'log10_Kf']
('TbO1.812', '186.348', 187.916, 'terbium-oxide') ['S', 'delta_fG', 'delta_fH', 'log10_Kf']
