##### base
== Al: fit_target='pure_component_psat' interval_required=None keys=['antoine', 'liquid_oxide_standard_reaction', 'pure_component_antoine']
  T=1000: vapor_pressure: pure_component_antoine log10P=-2.7968 range=[1557, 2329] | wall_condensation: pure_component_antoine log10P=-2.7968 range=[1557, 2329]
  T=1200: vapor_pressure: pure_component_antoine log10P=-0.4947 range=[1557, 2329] | wall_condensation: pure_component_antoine log10P=-0.4947 range=[1557, 2329]
  T=1400: vapor_pressure: pure_component_antoine log10P=+1.1381 range=[1557, 2329] | wall_condensation: pure_component_antoine log10P=+1.1381 range=[1557, 2329]
  T=1600: vapor_pressure: pure_component_antoine log10P=+2.3564 range=[1557, 2329] | wall_condensation: pure_component_antoine log10P=+2.3564 range=[1557, 2329]
  T=1800: vapor_pressure: pure_component_antoine log10P=+3.3002 range=[1557, 2329] | wall_condensation: pure_component_antoine log10P=+3.3002 range=[1557, 2329]
  T=2000: vapor_pressure: pure_component_antoine log10P=+4.0530 range=[1557, 2329] | wall_condensation: pure_component_antoine log10P=+4.0530 range=[1557, 2329]
  T=2200: vapor_pressure: pure_component_antoine log10P=+4.6673 range=[1557, 2329] | wall_condensation: pure_component_antoine log10P=+4.6673 range=[1557, 2329]
  T=2600: vapor_pressure: pure_component_antoine log10P=+5.6098 range=[1557, 2329] | wall_condensation: pure_component_antoine log10P=+5.6098 range=[1557, 2329]
== Si: fit_target='standard_reaction_term' interval_required=None keys=['pure_component_antoine', 'reaction']
  T=1000: vapor_pressure: pure_component_antoine log10P=-12.0176 range=[1997, 2560] | wall_condensation: pure_component_antoine log10P=-12.0176 range=[1997, 2560]
  T=1200: vapor_pressure: pure_component_antoine log10P=-7.0807 range=[1997, 2560] | wall_condensation: pure_component_antoine log10P=-7.0807 range=[1997, 2560]
  T=1400: vapor_pressure: pure_component_antoine log10P=-3.6904 range=[1997, 2560] | wall_condensation: pure_component_antoine log10P=-3.6904 range=[1997, 2560]
  T=1600: vapor_pressure: pure_component_antoine log10P=-1.2183 range=[1997, 2560] | wall_condensation: pure_component_antoine log10P=-1.2183 range=[1997, 2560]
  T=1800: vapor_pressure: pure_component_antoine log10P=+0.6641 range=[1997, 2560] | wall_condensation: pure_component_antoine log10P=+0.6641 range=[1997, 2560]
  T=2000: vapor_pressure: pure_component_antoine log10P=+2.1453 range=[1997, 2560] | wall_condensation: pure_component_antoine log10P=+2.1453 range=[1997, 2560]
  T=2200: vapor_pressure: pure_component_antoine log10P=+3.3413 range=[1997, 2560] | wall_condensation: pure_component_antoine log10P=+3.3413 range=[1997, 2560]
  T=2600: vapor_pressure: pure_component_antoine log10P=+5.1537 range=[1997, 2560] | wall_condensation: pure_component_antoine log10P=+5.1537 range=[1997, 2560]
##### head
== Al: fit_target='pure_component_psat' interval_required=None keys=['antoine', 'liquid_oxide_standard_reaction', 'pure_component_antoine']
  T=1000: vapor_pressure: pure_component_antoine log10P=-5.2985 range=[1000, 2700] | wall_condensation: pure_component_antoine log10P=-5.2985 range=[1000, 2700]
  T=1200: vapor_pressure: pure_component_antoine log10P=-2.5646 range=[1000, 2700] | wall_condensation: pure_component_antoine log10P=-2.5646 range=[1000, 2700]
  T=1400: vapor_pressure: pure_component_antoine log10P=-0.6364 range=[1000, 2700] | wall_condensation: pure_component_antoine log10P=-0.6364 range=[1000, 2700]
  T=1600: vapor_pressure: pure_component_antoine log10P=+0.7965 range=[1000, 2700] | wall_condensation: pure_component_antoine log10P=+0.7965 range=[1000, 2700]
  T=1800: vapor_pressure: pure_component_antoine log10P=+1.9033 range=[1000, 2700] | wall_condensation: pure_component_antoine log10P=+1.9033 range=[1000, 2700]
  T=2000: vapor_pressure: pure_component_antoine log10P=+2.7839 range=[1000, 2700] | wall_condensation: pure_component_antoine log10P=+2.7839 range=[1000, 2700]
  T=2200: vapor_pressure: pure_component_antoine log10P=+3.5012 range=[1000, 2700] | wall_condensation: pure_component_antoine log10P=+3.5012 range=[1000, 2700]
  T=2600: vapor_pressure: pure_component_antoine log10P=+4.5993 range=[1000, 2700] | wall_condensation: pure_component_antoine log10P=+4.5993 range=[1000, 2700]
== Si: fit_target='standard_reaction_term' interval_required=None keys=['pure_component_antoine', 'reaction']
  T=1000: vapor_pressure: pure_component_antoine log10P=-9.7641 range=[1700, 3500] | wall_condensation: pure_component_antoine log10P=-9.7641 range=[1700, 3500]
  T=1200: vapor_pressure: pure_component_antoine log10P=-6.2532 range=[1700, 3500] | wall_condensation: pure_component_antoine log10P=-6.2532 range=[1700, 3500]
  T=1400: vapor_pressure: pure_component_antoine log10P=-3.7709 range=[1700, 3500] | wall_condensation: pure_component_antoine log10P=-3.7709 range=[1700, 3500]
  T=1600: vapor_pressure: pure_component_antoine log10P=-1.9230 range=[1700, 3500] | wall_condensation: pure_component_antoine log10P=-1.9230 range=[1700, 3500]
  T=1800: vapor_pressure: pure_component_antoine log10P=-0.4938 range=[1700, 3500] | wall_condensation: pure_component_antoine log10P=-0.4938 range=[1700, 3500]
  T=2000: vapor_pressure: pure_component_antoine log10P=+0.6445 range=[1700, 3500] | wall_condensation: pure_component_antoine log10P=+0.6445 range=[1700, 3500]
  T=2200: vapor_pressure: pure_component_antoine log10P=+1.5725 range=[1700, 3500] | wall_condensation: pure_component_antoine log10P=+1.5725 range=[1700, 3500]
  T=2600: vapor_pressure: pure_component_antoine log10P=+2.9944 range=[1700, 3500] | wall_condensation: pure_component_antoine log10P=+2.9944 range=[1700, 3500]
