lunar_mare_low_ti                        n_trace_parents=11 max|dX/X| majors=2.507e-04
lunar_mare_high_ti                       n_trace_parents=11 max|dX/X| majors=2.825e-04
lunar_highland                           n_trace_parents=11 max|dX/X| majors=1.180e-04
lunar_pkt_kreep_average                  n_trace_parents=11 max|dX/X| majors=2.543e-04
lunar_spa_kreep_influenced               n_trace_parents=11 max|dX/X| majors=1.996e-04
targeted_super_kreep_ore                 n_trace_parents=11 max|dX/X| majors=4.590e-04
lunar_highlands_lhs1                     n_trace_parents= 0 max|dX/X| majors=0.000e+00
lunar_highlands_lhs1_yu_2025_reference   n_trace_parents= 0 max|dX/X| majors=0.000e+00
lunar_mare_lms1                          n_trace_parents= 0 max|dX/X| majors=0.000e+00
lunar_mare_oprl2n                        n_trace_parents= 0 max|dX/X| majors=0.000e+00
lunar_highlands_nuw_lht_5m               n_trace_parents= 0 max|dX/X| majors=0.000e+00
lunar_mare_jsc_1a_legacy                 (no projectable oxides)
lunar_eac_1a                             n_trace_parents= 0 max|dX/X| majors=0.000e+00
lunar_mls_1a                             n_trace_parents= 0 max|dX/X| majors=0.000e+00
lunar_highlands_nu_lht_2m                (no projectable oxides)
s_type_asteroid_silicate                 n_trace_parents= 0 max|dX/X| majors=0.000e+00
m_type_metallic_phase                    (no projectable oxides)
m_type_silicate_phase                    n_trace_parents= 0 max|dX/X| majors=0.000e+00
v_type_vesta_hed                         n_trace_parents= 0 max|dX/X| majors=0.000e+00
e_type_enstatite_aubrite                 n_trace_parents= 0 max|dX/X| majors=0.000e+00
ci_carbonaceous_chondrite                n_trace_parents= 0 max|dX/X| majors=0.000e+00
cm_carbonaceous_chondrite                n_trace_parents= 0 max|dX/X| majors=0.000e+00
ceres_regolith                           n_trace_parents= 0 max|dX/X| majors=0.000e+00
comet_nucleus                            n_trace_parents= 0 max|dX/X| majors=0.000e+00
mars_global_mgs1                         n_trace_parents= 0 max|dX/X| majors=0.000e+00
mars_basalt                              n_trace_parents= 0 max|dX/X| majors=0.000e+00
mars_sulfate_rich                        n_trace_parents= 0 max|dX/X| majors=0.000e+00
mars_phyllosilicate_clay                 n_trace_parents= 0 max|dX/X| majors=0.000e+00
mars_perchlorate_rich                    n_trace_parents= 0 max|dX/X| majors=0.000e+00
worst (0.00045898208734729273, 'targeted_super_kreep_ore')
