== per-parent report
  1500 B2O3    StatusBearingValue     rung=2 g=1.5384096661423972e-07   flag=extrapolated homol=None std_state_claim=False
  1500 Cs2O    StatusBearingValue     rung=2 g=8.01678063387679e-09     flag=standard_state_basis_unestablished homol=None std_state_claim=False
  1500 Cu2O    UpperBound             rung=4 g=1.0                      flag=henrian_gamma_unmeasured homol=None std_state_claim=False
  1500 CuO0.5  UpperBound             rung=4 g=1.0                      flag=henrian_gamma_unmeasured homol=None std_state_claim=False
  1500 Ga2O3   StatusBearingValue     rung=2 g=6.175422370117896e-05    flag=proxy_estimate homol=None std_state_claim=False
  1500 GaO1.5  StatusBearingValue     rung=2 g=0.00785838556582578      flag=proxy_estimate homol=None std_state_claim=False
  1500 GeO2    UpperBound             rung=4 g=1.0                      flag=henrian_gamma_unmeasured homol=None std_state_claim=False
  1500 In2O3   StatusBearingValue     rung=2 g=4.404196289253769e-05    flag=standard_state_basis_unestablished homol=None std_state_claim=False
  1500 InO1.5  StatusBearingValue     rung=2 g=0.006636411898950945     flag=standard_state_basis_unestablished homol=None std_state_claim=False
  1500 Li2O    StatusBearingValue     rung=2 g=3.4544851757465506e-09   flag=extrapolated homol=None std_state_claim=False
  1500 PbO     StatusBearingValue     rung=2 g=0.2982977654004166       flag=extrapolated homol=None std_state_claim=False
  1500 Rb2O    StatusBearingValue     rung=2 g=1.1659144011798312e-09   flag=standard_state_basis_unestablished homol=None std_state_claim=False
  1500 SnO     StatusBearingValue     rung=2 g=2.5688179858833147       flag=extrapolated homol=None std_state_claim=False
  1500 V2O3    StatusBearingValue     rung=2 g=4.524806378555482e-13    flag=proxy_estimate homol=None std_state_claim=False
  1673 B2O3    StatusBearingValue     rung=2 g=1.419190141930789e-07    flag=extrapolated homol=None std_state_claim=False
  1673 Cs2O    StatusBearingValue     rung=2 g=5.5104047866406715e-08   flag=standard_state_basis_unestablished homol=None std_state_claim=False
  1673 Cu2O    UpperBound             rung=4 g=1.0                      flag=henrian_gamma_unmeasured homol=None std_state_claim=False
  1673 CuO0.5  UpperBound             rung=4 g=1.0                      flag=henrian_gamma_unmeasured homol=None std_state_claim=False
  1673 Ga2O3   StatusBearingValue     rung=2 g=0.00016824471182045152   flag=proxy_estimate homol=None std_state_claim=False
  1673 GaO1.5  StatusBearingValue     rung=2 g=0.012970917925129721     flag=proxy_estimate homol=None std_state_claim=False
  1673 GeO2    UpperBound             rung=4 g=1.0                      flag=henrian_gamma_unmeasured homol=None std_state_claim=False
  1673 In2O3   StatusBearingValue     rung=2 g=0.00012425720428226012   flag=standard_state_basis_unestablished homol=None std_state_claim=False
  1673 InO1.5  StatusBearingValue     rung=2 g=0.0111470715563443       flag=standard_state_basis_unestablished homol=None std_state_claim=False
  1673 Li2O    StatusBearingValue     rung=2 g=1.2193317342471637e-08   flag=extrapolated homol=None std_state_claim=False
  1673 PbO     StatusBearingValue     rung=2 g=0.400994516646734        flag=extrapolated homol=None std_state_claim=False
  1673 Rb2O    StatusBearingValue     rung=2 g=9.782195586228393e-09    flag=standard_state_basis_unestablished homol=None std_state_claim=False
  1673 SnO     StatusBearingValue     rung=2 g=2.605945517872951        flag=extrapolated homol=None std_state_claim=False
  1673 V2O3    StatusBearingValue     rung=2 g=6.532081338194018e-12    flag=proxy_estimate homol=None std_state_claim=False
  1923 B2O3    StatusBearingValue     rung=2 g=1.2958440235981195e-07   flag=standard_state_basis_unestablished homol=None std_state_claim=False
  1923 Cs2O    StatusBearingValue     rung=2 g=4.840245553830931e-07    flag=standard_state_basis_unestablished homol=None std_state_claim=False
  1923 Cu2O    UpperBound             rung=4 g=1.0                      flag=henrian_gamma_unmeasured homol=None std_state_claim=False
  1923 CuO0.5  UpperBound             rung=4 g=1.0                      flag=henrian_gamma_unmeasured homol=None std_state_claim=False
  1923 Ga2O3   StatusBearingValue     rung=2 g=0.0005207013019130608    flag=proxy_estimate homol=None std_state_claim=False
  1923 GaO1.5  StatusBearingValue     rung=2 g=0.022818880382548586     flag=proxy_estimate homol=None std_state_claim=False
  1923 GeO2    UpperBound             rung=4 g=1.0                      flag=henrian_gamma_unmeasured homol=None std_state_claim=False
  1923 In2O3   StatusBearingValue     rung=2 g=0.00040001850572914734   flag=standard_state_basis_unestablished homol=None std_state_claim=False
  1923 InO1.5  StatusBearingValue     rung=2 g=0.020000462637877837     flag=standard_state_basis_unestablished homol=None std_state_claim=False
  1923 Li2O    StatusBearingValue     rung=2 g=5.052888670353854e-08    flag=standard_state_basis_unestablished homol=None std_state_claim=False
  1923 PbO     StatusBearingValue     rung=2 g=0.5597218113238117       flag=standard_state_basis_unestablished homol=None std_state_claim=False
  1923 Rb2O    StatusBearingValue     rung=2 g=1.0757745575551204e-07   flag=standard_state_basis_unestablished homol=None std_state_claim=False
  1923 SnO     StatusBearingValue     rung=2 g=2.6484398847201747       flag=standard_state_basis_unestablished homol=None std_state_claim=False
  1923 V2O3    StatusBearingValue     rung=2 g=1.3243420109215965e-10   flag=proxy_estimate homol=None std_state_claim=False
== homologue targets resolved on their own
Rb2O->K2O T=1500 target rung=2 verdict=StatusBearingValue kind=many n=4 banded=[[2000.0, 3000.0], None, None, None]
Rb2O->K2O T=1673 target rung=2 verdict=StatusBearingValue kind=many n=4 banded=[[2000.0, 3000.0], None, None, None]
Cs2O->K2O T=1500 target rung=2 verdict=StatusBearingValue kind=many n=4 banded=[[2000.0, 3000.0], None, None, None]
Cs2O->K2O T=1673 target rung=2 verdict=StatusBearingValue kind=many n=4 banded=[[2000.0, 3000.0], None, None, None]
Li2O->Na2O T=1500 target rung=4 verdict=UpperBound kind=many n=4 banded=[None, None, None, None]
Li2O->Na2O T=1673 target rung=4 verdict=UpperBound kind=many n=4 banded=[None, None, None, None]
Ga2O3->Al2O3 T=1500 target rung=4 verdict=UpperBound kind=many n=3 banded=[None, None, None]
Ga2O3->Al2O3 T=1673 target rung=4 verdict=UpperBound kind=many n=3 banded=[None, None, None]
GeO2->SiO2 T=1500 target rung=4 verdict=UpperBound kind=many n=3 banded=[None, None, None]
GeO2->SiO2 T=1673 target rung=4 verdict=UpperBound kind=many n=3 banded=[None, None, None]
In2O3->Ga2O3 T=1500 target rung=2 verdict=StatusBearingValue kind=one n=1 banded=[None]
In2O3->Ga2O3 T=1673 target rung=2 verdict=StatusBearingValue kind=one n=1 banded=[None]
== Cu2O / GeO2 candidate gamma envelope (published rows, ignored by selector)
Cu2O T=1500 kind=many n=4 gammas=['244.6', '24.89', '1.774', '124.8'] min=1.774 max=244.6
Cu2O T=1673 kind=many n=4 gammas=['138.5', '17.85', '1.672', '75.74'] min=1.672 max=138.5
Cu2O T=1923 kind=many n=4 gammas=['72.97', '12.27', '1.564', '43.15'] min=1.564 max=72.97
GeO2 T=1500 kind=many n=3 gammas=['7.399', '0.0258', '0.08564'] min=0.0258 max=7.399
GeO2 T=1673 kind=many n=3 gammas=['7.399', '0.09022', '0.1104'] min=0.09022 max=7.399
GeO2 T=1923 kind=many n=3 gammas=['7.399', '0.3699', '0.147'] min=0.147 max=7.399
SiO2 T=1500 kind=many n=3 gammas=['0.824', '0.1149', '0.4009'] min=0.1149 max=0.824
SiO2 T=1673 kind=many n=3 gammas=['0.8706', '0.1332', '0.4396'] min=0.1332 max=0.8706
SiO2 T=1923 kind=many n=3 gammas=['0.9264', '0.1572', '0.4877'] min=0.1572 max=0.9264
Na2O T=1500 kind=many n=4 gammas=['7.648e-09', '6.724e-10', '2.029e-07', '3.26e-07'] min=6.724e-10 max=3.26e-07
Na2O T=1673 kind=many n=4 gammas=['6.055e-08', '5.855e-09', '9.986e-07', '2.03e-06'] min=5.855e-09 max=2.03e-06
Na2O T=1923 kind=many n=4 gammas=['6.237e-07', '6.714e-08', '6.019e-06', '1.595e-05'] min=6.714e-08 max=1.595e-05
== basis consistency at dilution: melt {In2O3:1e-6, SiO2:1}, 1923 K
X_cation 1.9999960000079996e-06 X_molecular(Fegley eq.) 9.99999000001e-07
In2O3 request: gamma 0.00040001850572914734 a 8.000354113874718e-10 | Fegley-basis a=gamma*X_mol 4.0001810571104163e-10 ratio 1.9999980000039996
InO1.5 request: gamma 0.020000462637877837 a 4.000084527406512e-08 implied a(In2O3)=a^2 1.600067622639698e-15 vs In2O3-request a 8.000354113874718e-10 ratio 500001.0000000001
pure ref: InO1.5 at X=1: 0.020000462637877837
GaO1.5 1500.0 0.00785838556582578 StatusBearingValue proxy_estimate parent row gamma 6.175422370117896e-05 sqrt 0.00785838556582578
GaO1.5 1673.0 0.012970917925129721 StatusBearingValue proxy_estimate parent row gamma 0.00016824471182045152 sqrt 0.012970917925129721
== basalt-like melt basis factor (mol): SiO2 .749 Al2O3 .147 FeO .139 MgO .248 CaO .178 Na2O .048 In2O3 1e-7
In2O3 X_cation 1.1737087135489354e-07 X_mol 6.626904356937792e-08 ratio 1.7711266834870862
PbO X_cation 5.868543567744677e-08 X_mol 6.626904356937792e-08 ratio 0.8855633417435431
== established-basis check: rows with standard_state_as_printed None: 0 of 82
